
Running 1 test using 1 worker

  Ô£ÿ  1 [chromium] ÔÇ║ tests\app.spec.ts:3:1 ÔÇ║ app loads and displays map and sidebar (5.5s)


  1) [chromium] ÔÇ║ tests\app.spec.ts:3:1 ÔÇ║ app loads and displays map and sidebar ÔöÇÔöÇÔöÇÔöÇÔöÇÔöÇÔöÇÔöÇÔöÇÔöÇÔöÇÔöÇÔöÇÔöÇÔöÇÔöÇÔöÇÔöÇÔöÇ

    Error: [2mexpect([22m[31mlocator[39m[2m).[22mtoBeVisible[2m([22m[2m)[22m failed

    Locator: getByText('AOI Manager')
    Expected: visible
    Timeout: 5000ms
    Error: element(s) not found

    Call log:
    [2m  - Expect "toBeVisible" with timeout 5000ms[22m
    [2m  - waiting for getByText('AOI Manager')[22m


       8 |
       9 |     // Check Sidebar
    > 10 |     await expect(page.getByText('AOI Manager')).toBeVisible();
         |                                                 ^
      11 |     await expect(page.getByText('NRW DOP (Satellite)')).toBeVisible();
      12 |
      13 |     // Check Map container
        at C:\Users\mittu\.gemini\antigravity\scratch\aoi-map-app\tests\app.spec.ts:10:49

    Error Context: test-results\app-app-loads-and-displays-map-and-sidebar-chromium\error-context.md

  1 failed
    [chromium] ÔÇ║ tests\app.spec.ts:3:1 ÔÇ║ app loads and displays map and sidebar ÔöÇÔöÇÔöÇÔöÇÔöÇÔöÇÔöÇÔöÇÔöÇÔöÇÔöÇÔöÇÔöÇÔöÇÔöÇÔöÇÔöÇÔöÇÔöÇÔöÇ
